[clear2close.us/index.html]
[backblue.gif]
[fade.gif]
[index.html]
[clear2close.us/wp-content/themes/Divi/includes/builder/styles/images/preloader.gif]
[clear2close.us/wp-content/themes/Divi/core/admin/fonts/fontawesome/fa-regular-400.eot]
[clear2close.us/wp-content/themes/Divi/core/admin/fonts/modules/all/modules.eot]
[clear2close.us/feed/index.html]
[hb.wpmucdn.com/clear2close.us/3521ae79-2b20-4fa4-9377-9ae6d550b43e.css]
[clear2close.us/comments/feed/index.html]
[hb.wpmucdn.com/clear2close.us/cc5470f0-8376-433a-a9b2-e6e7c4c919e1.css]
[clear2close.us/wp-json/index.html]
[clear2close.us/wp-json/wp/v2/pages/50475.json]
[clear2close.us/wp-includes/wlwmanifest.xml]
[clear2close.us/wp-json/oembed/1.0/embed55c4.json]
[clear2close.us/wp-json/oembed/1.0/embed545a]
[clear2close.us/wp-content/uploads/2022/08/fav.png]
[clear2close.us/wp-content/et-cache/50475/et-core-unified-50475.min74f1.css]
[clear2close.us/wp-content/et-cache/50475/et-core-unified-tb-50327-deferred-50475.min74f1.css]
[clear2close.us/wp-content/uploads/2022/08/logo.png]
[clear2close.us/payment/make-a-payment.html]
[clear2close.us/wp-content/uploads/2022/08/production-ID_4770380.mp4]
[clear2close.us/title-escrow/index.html]
[clear2close.us/texas-endorsement-explained/index.html]
[clear2close.us/survey-deletion-coverage/index.html]
[clear2close.us/wp-content/uploads/2022/08/appraisal-image-01.jpg]
[clear2close.us/appraisal/index.html]
[clear2close.us/appraisal-facts/index.html]
[clear2close.us/appraisal-fees/index.html]
[clear2close.us/wp-content/uploads/2022/08/CLR-7003600.jpg]
[clear2close.us/continuing-education/index.html]
[clear2close.us/home-buyers-checklist/index.html]
[clear2close.us/wp-content/uploads/2022/08/CLR-70060.jpg]
[clear2close.us/home-sellers-checklist/index.html]
[clear2close.us/hoa-information-and-tips/index.html]
[clear2close.us/blog/index.html]
[clear2close.us/wp-content/uploads/2022/08/continued-education.jpg]
[clear2close.us/meet-the-team/index.html]
[clear2close.us/contact-us/index.html]
[clear2close.us/wp-content/uploads/2022/08/home-about-us.jpg]
[clear2close.us/locations/index.html]
[clear2close.us/wp-content/uploads/2022/08/logo-black.png]
[clear2close.us/about-us]
[clear2close.us/services]
[clear2close.us/faq]
[clear2close.us/wp-content/themes/click4corp-child-theme/images/click4corp-logo.png]
[hb.wpmucdn.com/clear2close.us/320dcccc-955d-4f4f-a315-f297aa2b4e03.css]
[hb.wpmucdn.com/clear2close.us/0501f532-94a9-4691-b5e3-bbac2573f350.css]
[clear2close.us/continued-education/index.html]
[clear2close.us/privacy-policy/index.html]
[hb.wpmucdn.com/clear2close.us/b7b6c369-ef10-4c64-a047-46601768327d.js]
[clear2close.us/wp-content/themes/Divi/js/scripts.min.js]
[hb.wpmucdn.com/clear2close.us/0be6d801-8496-4fdb-a7c5-a5d77c4abe5b.js]
[hb.wpmucdn.com/clear2close.us/a29db713-89b0-4f0f-9b85-722def41937e.js]
[hb.wpmucdn.com/clear2close.us/0dc01e8b-f067-4152-916c-4fad53ab443b.js]
[clear2close.us/index.html]
[clear2close.us/xmlrpc.html]
[hb.wpmucdn.com/clear2close.us/3521ae79-2b20-4fa4-9377-9ae6d550b43e.css]
[hb.wpmucdn.com/clear2close.us/cc5470f0-8376-433a-a9b2-e6e7c4c919e1.css]
[clear2close.us/xmlrpc0db0.html]
[clear2close.us/wp-content/et-cache/50475/et-core-unified-50475.min74f1.css]
[hb.wpmucdn.com/clear2close.us/dddb2459-aa66-48ca-bed6-4eed61018510.js]
[clear2close.us/wp-content/uploads/2022/08/home-bg-scaled.jpg]
[clear2close.us/wp-content/et-cache/50475/et-core-unified-tb-50327-deferred-50475.min74f1.css]
[hb.wpmucdn.com/clear2close.us/731d449f-232d-456b-8c3c-4f546f4b2a48.css]
[clear2close.us/wp-json/wp/v2/pages/50651.json]
[clear2close.us/wp-json/oembed/1.0/embed9993.json]
[clear2close.us/wp-json/oembed/1.0/embedfd15]
[clear2close.us/wp-content/uploads/2022/09/header-bg-image-02-scaled.jpg]
[clear2close.us/wp-content/et-cache/50651/et-core-unified-50651.mincc59.css]
[clear2close.us/wp-content/et-cache/50651/et-core-unified-tb-50327-deferred-50651.min6665.css]
[clear2close.us/wp-content/uploads/2022/08/title-and-secrow-vertical.jpg]
[clear2close.us/wp-content/uploads/2022/08/title-and-escrow-image-01.jpg]
[clear2close.us/title-escrow/index.html]
[hb.wpmucdn.com/clear2close.us/8baad456-1d0c-4650-bc4a-c174989700b8.js]
[hb.wpmucdn.com/clear2close.us/089aee10-87a3-441b-9d9b-f86d3380f007.css]
[clear2close.us/wp-json/wp/v2/pages/50670.json]
[clear2close.us/wp-json/oembed/1.0/embed7be0.json]
[clear2close.us/wp-json/oembed/1.0/embedcd63]
[clear2close.us/wp-content/uploads/2022/09/header-bg-image-01-scaled.jpg]
[clear2close.us/wp-content/et-cache/50670/et-core-unified-50670.min12ac.css]
[clear2close.us/wp-content/et-cache/50670/et-core-unified-tb-50327-deferred-50670.min12ac.css]
[clear2close.us/survey-deletion-coverage/index.html]
[clear2close.us/wp-json/wp/v2/pages/50676.json]
[hb.wpmucdn.com/clear2close.us/a5a1aeb1-b778-42e2-93dd-0b81ab84d7b5.css]
[clear2close.us/wp-json/oembed/1.0/embedf114.json]
[clear2close.us/wp-json/oembed/1.0/embedc756]
[clear2close.us/wp-content/uploads/2022/09/header-bg-image-05-scaled.jpg]
[clear2close.us/wp-content/et-cache/50676/et-core-unified-50676.min9e0d.css]
[clear2close.us/wp-content/et-cache/50676/et-core-unified-tb-50327-deferred-50676.minfbbd.css]
[clear2close.us/texas-endorsement-explained/index.html]
[hb.wpmucdn.com/clear2close.us/43cbe396-92cb-41a0-8d12-c980f7ed746a.css]
[clear2close.us/wp-json/wp/v2/pages/50681.json]
[clear2close.us/wp-json/oembed/1.0/embed4c50.json]
[clear2close.us/wp-json/oembed/1.0/embedd5af]
[clear2close.us/wp-content/uploads/2022/09/header-bg-image-03-scaled.jpg]
[clear2close.us/wp-content/et-cache/50681/et-core-unified-50681.min3bee.css]
[clear2close.us/wp-content/et-cache/50681/et-core-unified-tb-50327-deferred-50681.min3bee.css]
[clear2close.us/wp-content/uploads/2022/08/ClearTitleClient2-1.jpg]
[clear2close.us/wp-content/uploads/2022/08/title-and-escrow-header.jpg]
[clear2close.us/appraisal/index.html]
[hb.wpmucdn.com/clear2close.us/2391f5d0-4483-465b-adad-c4f7ec81d647.css]
[clear2close.us/wp-json/wp/v2/pages/50692.json]
[clear2close.us/wp-json/oembed/1.0/embed915c.json]
[clear2close.us/wp-json/oembed/1.0/embed7540]
[clear2close.us/wp-content/et-cache/50692/et-core-unified-50692.min42b2.css]
[clear2close.us/wp-content/et-cache/50692/et-core-unified-tb-50327-deferred-50692.min42b2.css]
[clear2close.us/appraisal-facts/index.html]
[hb.wpmucdn.com/clear2close.us/f32c9583-6f2c-46c9-92d8-35f181958c63.css]
[clear2close.us/wp-json/wp/v2/pages/50697.json]
[clear2close.us/wp-json/oembed/1.0/embedb3e3.json]
[clear2close.us/wp-json/oembed/1.0/embedee97]
[clear2close.us/wp-content/et-cache/50697/et-core-unified-50697.mina870.css]
[clear2close.us/wp-content/et-cache/50697/et-core-unified-tb-50327-deferred-50697.mina870.css]
[clear2close.us/appraisal-fees/index.html]
[hb.wpmucdn.com/clear2close.us/4b0b74a8-47d0-471e-8924-da7a8f4ef12e.css]
[clear2close.us/wp-json/wp/v2/pages/50702.json]
[clear2close.us/wp-json/oembed/1.0/embed7d36.json]
[clear2close.us/wp-json/oembed/1.0/embedf242]
[clear2close.us/wp-content/uploads/2022/09/header-bg-image-04-scaled.jpg]
[clear2close.us/wp-content/et-cache/50702/et-core-unified-50702.min38e9.css]
[clear2close.us/wp-content/et-cache/50702/et-core-unified-tb-50327-deferred-50702.minc5cf.css]
[clear2close.us/wp-content/uploads/2022/08/continued-education-01.jpg]
[clear2close.us/continuing-education/index.html]
[clear2close.us/wp-content/et-cache/50713/et-divi-dynamic-tb-50327-50713.css]
[clear2close.us/wp-content/plugins/supreme-modules-pro-for-divi/styles/style.min.css]
[clear2close.us/wp-json/wp/v2/pages/50713.json]
[clear2close.us/wp-json/oembed/1.0/embed5f95.json]
[clear2close.us/wp-json/oembed/1.0/embedbfe3]
[clear2close.us/wp-content/et-cache/50713/et-core-unified-50713.min4e69.css]
[clear2close.us/wp-content/et-cache/50713/et-core-unified-tb-50327-deferred-50713.min4e69.css]
[clear2close.us/home-buyers-checklist/index.html]
[hb.wpmucdn.com/clear2close.us/5ba1974f-c50c-4b20-8bc1-008146af184c.css]
[clear2close.us/wp-json/wp/v2/pages/50717.json]
[clear2close.us/wp-json/oembed/1.0/embed1784.json]
[clear2close.us/wp-json/oembed/1.0/embed8da1]
[clear2close.us/wp-content/et-cache/50717/et-core-unified-50717.min702c.css]
[clear2close.us/wp-content/et-cache/50717/et-core-unified-tb-50327-deferred-50717.min702c.css]
[clear2close.us/home-sellers-checklist/index.html]
[hb.wpmucdn.com/clear2close.us/17308033-637d-4d6b-b762-64ef1b906282.css]
[clear2close.us/wp-json/wp/v2/pages/50725.json]
[clear2close.us/wp-json/oembed/1.0/embed3caa.json]
[clear2close.us/wp-json/oembed/1.0/embed231c]
[clear2close.us/wp-content/et-cache/50725/et-core-unified-50725.min87ab.css]
[clear2close.us/wp-content/et-cache/50725/et-core-unified-tb-50327-deferred-50725.min87ab.css]
[clear2close.us/hoa-information-and-tips/index.html]
[hb.wpmucdn.com/clear2close.us/cb1f7ee5-06c9-4904-b0d5-48805f10a22b.css]
[clear2close.us/wp-json/wp/v2/pages/51034.json]
[clear2close.us/wp-json/oembed/1.0/embed4dfc.json]
[clear2close.us/wp-json/oembed/1.0/embed2bcb]
[clear2close.us/wp-content/et-cache/51034/et-core-unified-51034.minf40c.css]
[clear2close.us/wp-content/et-cache/51034/et-core-unified-tb-50327-deferred-51034.minf40c.css]
[clear2close.us/wp-content/uploads/2022/07/483636_l-1024x668-1-400x250.jpg]
[clear2close.us/blog/ready-set-sell-the-comprehensive-home-seller-checklist/index.html]
[clear2close.us/blog/category/home-buying/index.html]
[clear2close.us/wp-content/uploads/2023/03/maria-ziegler-jJnZg7vBfMs-unsplash-400x250.jpg]
[clear2close.us/blog/maximize-investment-how-to-use-real-estate-buyers-checklist/index.html]
[clear2close.us/wp-content/uploads/2023/03/Untitled-design-32-400x250.png]
[clear2close.us/blog/why-you-need-title-and-escrow-services-for-closing-a-deal/index.html]
[clear2close.us/wp-content/uploads/2022/09/appraisal-fact-400x250.jpg]
[clear2close.us/wp-content/uploads/2023/02/Untitled-design-33-400x250.png]
[clear2close.us/blog/a-comprehensive-buyers-guide-to-finding-your-dream-home/index.html]
[clear2close.us/wp-content/uploads/2023/02/real-estate-broker-agent-consult-to-customer-to-de-2022-10-03-22-10-14-utc-400x250.jpg]
[clear2close.us/blog/10-essential-home-buyers-checklist-before-making-an-offer/index.html]
[clear2close.us/wp-content/uploads/2023/01/Untitled-design-34-400x250.png]
[clear2close.us/blog/category/home-selling/index.html]
[clear2close.us/wp-content/uploads/2022/08/home-bg-400x250.jpg]
[clear2close.us/blog/home-appraisal-how-to-sell-your-house-in-2023/index.html]
[clear2close.us/wp-content/uploads/2022/08/home-image-400x250.jpg]
[clear2close.us/blog/home-buying-101-9-essential-tips-to-help-you-find-your-perfect-place/index.html]
[clear2close.us/blog/real-estate-title-and-escrow-services/index.html]
[clear2close.us/wp-content/uploads/2022/09/real-estate-03-300x158-1.jpg]
[clear2close.us/blog/category/escrow-service/index.html]
[clear2close.us/blog/six-critical-things-you-need-to-know-when-buying-a-new-home/index.html]
[clear2close.us/blog/learn-how-to-increase-your-home-appraisal-value-on-the-market/index.html]
[clear2close.us/blog/index.html]
[hb.wpmucdn.com/clear2close.us/d9c742a8-2042-4e0e-bb35-763d137106b1.js]
[clear2close.us/blog/page/2/indexf83b.html]
[clear2close.us/payment/assets/bootstrap/css/bootstrap.min.css]
[clear2close.us/payment/assets/fonts/simple-line-icons.min.css]
[clear2close.us/payment/assets/css/Contact-Form-Clean.css]
[cdnjs.cloudflare.com/ajax/libs/animate.css/3.5.2/animate.min.css]
[cdnjs.cloudflare.com/ajax/libs/aos/2.1.1/aos.css]
[cdnjs.cloudflare.com/ajax/libs/baguettebox.js/1.10.0/baguetteBox.min.css]
[clear2close.us/payment/assets/css/smoothproducts.css]
[clear2close.us/payment/assets/css/Bold-BS4-Text-Shadow-Effects.css]
[stackpath.bootstrapcdn.com/bootstrap/4.4.1/css/bootstrap.css]
[clear2close.us/payment/assets/img/Transparent CLR.jpg]
[clear2close.us/payment/assets/fonts/font-awesome.min.css]
[clear2close.us/payment/assets/fonts/ionicons.min.css]
[clear2close.us/payment/assets/css/CLRTAG.css]
[clear2close.us/payment/assets/js/jquery.min.js]
[clear2close.us/net-sheet/index.html]
[clear2close.us/payment/assets/bootstrap/js/bootstrap.min.js]
[clear2close.us/payment/assets/js/smart-forms.min.js]
[clear2close.us/payment/assets/js/bs-init.js]
[cdnjs.cloudflare.com/ajax/libs/aos/2.1.1/aos.js]
[cdnjs.cloudflare.com/ajax/libs/baguettebox.js/1.10.0/baguetteBox.min.js]
[clear2close.us/payment/assets/js/smoothproducts.min.js]
[clear2close.us/payment/assets/js/theme.js]
[code.jquery.com/jquery-3.4.1.js]
[cdn.jsdelivr.net/npm/popper.js@1.16.0/dist/umd/popper.js]
[clear2close.us/payment/make-a-payment.html]
[stackpath.bootstrapcdn.com/bootstrap/4.4.1/js/bootstrap.js]
[hb.wpmucdn.com/clear2close.us/adf1febb-80cf-4c43-8795-8e7f97a58ae6.css]
[clear2close.us/wp-json/wp/v2/pages/50750.json]
[clear2close.us/wp-json/oembed/1.0/embed15f0.json]
[clear2close.us/wp-json/oembed/1.0/embeddc6f]
[clear2close.us/wp-content/uploads/2022/08/hero-bg.png]
[clear2close.us/wp-content/et-cache/50750/et-core-unified-50750.min48dc.css]
[clear2close.us/wp-content/et-cache/50750/et-core-unified-tb-50327-deferred-50750.min48dc.css]
[clear2close.us/wp-content/uploads/2022/09/AdamBell-1.jpg]
[clear2close.us/wp-content/uploads/2022/09/Christina-Ornelas-1.jpg]
[clear2close.us/wp-content/uploads/2022/09/Michelle-Mora-1.jpg]
[clear2close.us/wp-content/uploads/2022/09/Madison-Barker-1.jpg]
[clear2close.us/wp-content/uploads/2022/09/NatalieAndrews-1.jpg]
[clear2close.us/wp-content/uploads/2022/09/Lexie-Monsivais-1.jpg]
[clear2close.us/wp-content/uploads/2022/09/Kelsey-Spenneberg-1.jpg]
[clear2close.us/wp-content/uploads/2022/09/Teres-Donahower-01.jpg]
[clear2close.us/wp-content/uploads/2022/09/Cali-Moore-1.jpg]
[clear2close.us/wp-content/uploads/2022/09/Price-Samford-01.jpg]
[clear2close.us/wp-content/uploads/2022/09/Untitled-design1.jpg]
[clear2close.us/wp-content/uploads/2022/09/Untitled-design.jpg]
[clear2close.us/meet-the-team/index.html]
[hb.wpmucdn.com/clear2close.us/08294230-9405-4322-9858-67d32b21720e.css]
[clear2close.us/wp-json/wp/v2/pages/50730.json]
[clear2close.us/wp-json/oembed/1.0/embedd30a.json]
[clear2close.us/wp-json/oembed/1.0/embed9dc9]
[clear2close.us/wp-content/et-cache/50730/et-core-unified-50730.min2241.css]
[clear2close.us/wp-content/et-cache/50730/et-core-unified-tb-50327-deferred-50730.min2241.css]
[clear2close.us/locations/index.html]
[hb.wpmucdn.com/clear2close.us/5b85e875-cb64-4c3b-8ad7-884b7d8960e2.css]
[hb.wpmucdn.com/clear2close.us/87b4d3c2-3a5b-444d-a88e-4f29484e5f99.css]
[hb.wpmucdn.com/clear2close.us/f3badc3b-575d-4a43-a941-594af99e5422.css]
[hb.wpmucdn.com/clear2close.us/1e4439eb-a22e-4292-8bdb-6002051099e5.css]
[hb.wpmucdn.com/clear2close.us/227edfb1-50bc-4464-93d0-3a31d1f3502d.js]
[clear2close.us/wp-content/plugins/gravityforms/assets/js/dist/utils.min.js]
[clear2close.us/wp-json/wp/v2/pages/50774.json]
[clear2close.us/wp-json/oembed/1.0/embede438.json]
[clear2close.us/wp-json/oembed/1.0/embed0c29]
[clear2close.us/wp-content/et-cache/50774/et-core-unified-50774.minc3a5.css]
[clear2close.us/wp-content/et-cache/50774/et-core-unified-tb-50327-deferred-50774.minc3a5.css]
[clear2close.us/wp-content/plugins/gravityforms/images/spinner.svg]
[hb.wpmucdn.com/clear2close.us/76f926bc-15ae-4650-a47c-b0b4f852f57c.js]
[hb.wpmucdn.com/clear2close.us/f266b71c-990b-40c4-aad8-b05f337478fe.js]
[clear2close.us/wp-includes/js/dist/vendor/wp-polyfill.min.js]
[hb.wpmucdn.com/clear2close.us/c6b657c9-997d-4104-bcc9-3ef93ffee2e9.js]
[clear2close.us/wp-includes/js/dist/a11y.min.js]
[hb.wpmucdn.com/clear2close.us/e9eff6db-9446-416e-a4de-fcc5b103ed31.js]
[clear2close.us/wp-content/plugins/gravityforms/assets/js/dist/scripts-theme.min.js]
[clear2close.us/contact-us/index.html]
[clear2close.us/about-us.html]
[clear2close.us/services.html]
[clear2close.us/faq.html]
[clear2close.us/continued-education/index.html]
[hb.wpmucdn.com/clear2close.us/7662aa53-b717-42c7-b8c2-db93939f018e.js]
[hb.wpmucdn.com/clear2close.us/fcacb4f1-845e-4719-9193-c07ba25e3535.css]
[clear2close.us/wp-json/wp/v2/pages/50755.json]
[clear2close.us/wp-json/oembed/1.0/embed0830.json]
[clear2close.us/wp-json/oembed/1.0/embedfbb8]
[clear2close.us/wp-content/et-cache/50755/et-core-unified-50755.mind814.css]
[clear2close.us/wp-content/et-cache/50755/et-core-unified-tb-50327-deferred-50755.mind814.css]
[clear2close.us/privacy-policy/index.html]
[hb.wpmucdn.com/clear2close.us/320dcccc-955d-4f4f-a315-f297aa2b4e03.css]
[hb.wpmucdn.com/clear2close.us/0501f532-94a9-4691-b5e3-bbac2573f350.css]
[hb.wpmucdn.com/clear2close.us/731d449f-232d-456b-8c3c-4f546f4b2a48.css]
[clear2close.us/indexc7fa.html]
[clear2close.us/wp-content/et-cache/50651/et-core-unified-50651.mincc59.css]
[clear2close.us/wp-content/et-cache/50651/et-core-unified-tb-50327-deferred-50651.min6665.css]
[hb.wpmucdn.com/clear2close.us/089aee10-87a3-441b-9d9b-f86d3380f007.css]
[clear2close.us/index10d3.html]
[clear2close.us/wp-content/et-cache/50670/et-core-unified-50670.min12ac.css]
[clear2close.us/wp-content/et-cache/50670/et-core-unified-tb-50327-deferred-50670.min12ac.css]
[hb.wpmucdn.com/clear2close.us/a5a1aeb1-b778-42e2-93dd-0b81ab84d7b5.css]
[clear2close.us/index4fe3.html]
[clear2close.us/wp-content/et-cache/50676/et-core-unified-50676.min9e0d.css]
[clear2close.us/wp-content/et-cache/50676/et-core-unified-tb-50327-deferred-50676.minfbbd.css]
[hb.wpmucdn.com/clear2close.us/43cbe396-92cb-41a0-8d12-c980f7ed746a.css]
[clear2close.us/indexb741.html]
[clear2close.us/wp-content/et-cache/50681/et-core-unified-50681.min3bee.css]
[clear2close.us/wp-content/et-cache/50681/et-core-unified-tb-50327-deferred-50681.min3bee.css]
[hb.wpmucdn.com/clear2close.us/2391f5d0-4483-465b-adad-c4f7ec81d647.css]
[clear2close.us/index76c8.html]
[clear2close.us/wp-content/et-cache/50692/et-core-unified-50692.min42b2.css]
[clear2close.us/wp-content/et-cache/50692/et-core-unified-tb-50327-deferred-50692.min42b2.css]
[clear2close.us/wp-includes/js/mediaelement/mejs-controls.svg]
[hb.wpmucdn.com/clear2close.us/f32c9583-6f2c-46c9-92d8-35f181958c63.css]
[clear2close.us/index3b86.html]
[clear2close.us/wp-content/et-cache/50697/et-core-unified-50697.mina870.css]
[clear2close.us/wp-content/et-cache/50697/et-core-unified-tb-50327-deferred-50697.mina870.css]
[hb.wpmucdn.com/clear2close.us/4b0b74a8-47d0-471e-8924-da7a8f4ef12e.css]
[clear2close.us/index91ff.html]
[clear2close.us/wp-content/et-cache/50702/et-core-unified-50702.min38e9.css]
[clear2close.us/wp-content/et-cache/50702/et-core-unified-tb-50327-deferred-50702.minc5cf.css]
[clear2close.us/wp-content/et-cache/50713/et-divi-dynamic-tb-50327-50713.css]
[clear2close.us/wp-content/plugins/supreme-modules-pro-for-divi/styles/style.min.css]
[clear2close.us/indexe5f9.html]
[clear2close.us/wp-content/et-cache/50713/et-core-unified-50713.min4e69.css]
[clear2close.us/wp-content/et-cache/50713/et-core-unified-tb-50327-deferred-50713.min4e69.css]
[hb.wpmucdn.com/clear2close.us/5ba1974f-c50c-4b20-8bc1-008146af184c.css]
[clear2close.us/index8470.html]
[clear2close.us/wp-content/et-cache/50717/et-core-unified-50717.min702c.css]
[clear2close.us/wp-content/et-cache/50717/et-core-unified-tb-50327-deferred-50717.min702c.css]
[hb.wpmucdn.com/clear2close.us/17308033-637d-4d6b-b762-64ef1b906282.css]
[clear2close.us/indexf4f1.html]
[clear2close.us/wp-content/et-cache/50725/et-core-unified-50725.min87ab.css]
[clear2close.us/wp-content/et-cache/50725/et-core-unified-tb-50327-deferred-50725.min87ab.css]
[hb.wpmucdn.com/clear2close.us/cb1f7ee5-06c9-4904-b0d5-48805f10a22b.css]
[clear2close.us/index6c01.html]
[clear2close.us/wp-content/et-cache/51034/et-core-unified-51034.minf40c.css]
[clear2close.us/wp-content/et-cache/51034/et-core-unified-tb-50327-deferred-51034.minf40c.css]
[hb.wpmucdn.com/clear2close.us/ce0a9f62-bfa1-42fe-88ec-937f9fa91775.css]
[clear2close.us/blog/ready-set-sell-the-comprehensive-home-seller-checklist/feed/index.html]
[hb.wpmucdn.com/clear2close.us/dcabea3e-22b6-4407-a873-986d09c15a2d.css]
[clear2close.us/wp-json/wp/v2/posts/51720.json]
[clear2close.us/wp-json/oembed/1.0/embed09f6.json]
[clear2close.us/wp-json/oembed/1.0/embed6dc2]
[clear2close.us/wp-content/et-cache/global/et-divi-customizer-global.mined29.css]
[clear2close.us/wp-content/et-cache/51720/et-core-unified-tb-51003-tb-50327-deferred-51720.min37e4.css]
[clear2close.us/wp-content/uploads/2022/07/483636_l-1024x668-1.jpg]
[hb.wpmucdn.com/clear2close.us/555dc8e0-99f1-4def-8f8e-f433ba143285.js]
[clear2close.us/blog/ready-set-sell-the-comprehensive-home-seller-checklist/index.html]
[clear2close.us/blog/category/appraisal/index.html]
[clear2close.us/blog/category/uncategorized/index.html]
[clear2close.us/blog/2023/04/index.html]
[hb.wpmucdn.com/clear2close.us/31f097e4-96db-43d6-b8c0-885c154297e5.css]
[clear2close.us/blog/2023/02/index.html]
[clear2close.us/blog/2023/03/index.html]
[clear2close.us/blog/2023/01/index.html]
[clear2close.us/wp-json/wp/v2/categories/26.json]
[clear2close.us/blog/2022/12/index.html]
[clear2close.us/blog/2022/10/index.html]
[clear2close.us/blog/2022/11/index.html]
[clear2close.us/wp-content/et-cache/50327/et-core-unified-cpt-deferred-50327.mined29.css]
[clear2close.us/blog/2022/09/index.html]
[clear2close.us/blog/2022/07/index.html]
[clear2close.us/blog/2022/06/index.html]
[clear2close.us/wp-content/uploads/2023/03/maria-ziegler-jJnZg7vBfMs-unsplash-1080x675.jpg]
[clear2close.us/blog/2022/05/index.html]
[clear2close.us/blog/2022/03/index.html]
[clear2close.us/wp-content/uploads/2023/03/Untitled-design-32-1080x675.png]
[clear2close.us/blog/2021/10/index.html]
[clear2close.us/blog/category/home-buying/feed/index.html]
[clear2close.us/blog/category/home-buying/page/2/index.html]
[clear2close.us/wp-content/uploads/2022/09/appraisal-fact.jpg]
[clear2close.us/blog/author/contentclick4corp-com/index.html]
[clear2close.us/wp-content/uploads/2023/02/real-estate-broker-agent-consult-to-customer-to-de-2022-10-03-22-10-14-utc-1080x675.jpg]
[clear2close.us/wp-content/uploads/2022/08/home-image-1080x675.jpg]
[clear2close.us/blog/category/home-buying/index.html]
[hb.wpmucdn.com/clear2close.us/74b30350-ace4-4cc7-9f9f-ca5a40d90ab7.js]
[clear2close.us/blog/author/c4cadmin/index.html]
[clear2close.us/blog/maximize-investment-how-to-use-real-estate-buyers-checklist/feed/index.html]
[hb.wpmucdn.com/clear2close.us/0b5b2f44-4d6b-453e-9483-9b8cc54e6bcd.css]
[clear2close.us/wp-json/wp/v2/posts/51692.json]
[clear2close.us/wp-json/oembed/1.0/embed911b.json]
[clear2close.us/wp-json/oembed/1.0/embed09dd]
[clear2close.us/wp-content/et-cache/51692/et-core-unified-tb-51003-tb-50327-deferred-51692.min8538.css]
[clear2close.us/wp-content/uploads/2022/09/appraisal-fees-300x200-1.jpg]
[clear2close.us/blog/maximize-investment-how-to-use-real-estate-buyers-checklist/index.html]
[clear2close.us/wp-content/et-cache/51629/et-divi-dynamic-tb-51003-tb-50327-51629.css]
[clear2close.us/wp-json/wp/v2/posts/51629.json]
[clear2close.us/blog/why-you-need-title-and-escrow-services-for-closing-a-deal/feed/index.html]
[clear2close.us/wp-json/oembed/1.0/embed4db1.json]
[clear2close.us/wp-json/oembed/1.0/embed4c39]
[clear2close.us/wp-content/et-cache/51629/et-core-unified-tb-51003-tb-50327-deferred-51629.min9ec9.css]
[clear2close.us/wp-content/uploads/2022/09/home-appraisal-image-300x150-1.jpg]
[clear2close.us/blog/why-you-need-title-and-escrow-services-for-closing-a-deal/index.html]
[clear2close.us/wp-content/et-cache/51523/et-divi-dynamic-tb-51003-tb-50327-51523.css]
[clear2close.us/blog/a-comprehensive-buyers-guide-to-finding-your-dream-home/feed/index.html]
[clear2close.us/wp-json/wp/v2/posts/51523.json]
[clear2close.us/wp-json/oembed/1.0/embed67b4.json]
[clear2close.us/wp-json/oembed/1.0/embeda576]
[clear2close.us/wp-content/et-cache/51523/et-core-unified-tb-51003-tb-50327-deferred-51523.minba51.css]
[clear2close.us/blog/a-comprehensive-buyers-guide-to-finding-your-dream-home/index.html]
[hb.wpmucdn.com/clear2close.us/a3e6fc73-ef83-4e19-8dfd-4d9bbc15f5ee.css]
[clear2close.us/blog/10-essential-home-buyers-checklist-before-making-an-offer/feed/index.html]
[clear2close.us/wp-json/wp/v2/posts/51520.json]
[clear2close.us/wp-json/oembed/1.0/embed00cc.json]
[clear2close.us/wp-json/oembed/1.0/embedd777]
[clear2close.us/wp-content/et-cache/51520/et-core-unified-tb-51003-tb-50327-deferred-51520.min4e82.css]
[clear2close.us/blog/10-essential-home-buyers-checklist-before-making-an-offer/index.html]
[hb.wpmucdn.com/clear2close.us/3ebc0b86-1958-4eb6-bbe9-85d3d362e915.css]
[clear2close.us/blog/category/home-selling/feed/index.html]
[clear2close.us/wp-json/wp/v2/categories/27.json]
[clear2close.us/wp-content/uploads/2023/02/Untitled-design-33-1080x675.png]
[clear2close.us/wp-content/uploads/2023/01/Untitled-design-34-1080x675.png]
[clear2close.us/blog/category/home-selling/index.html]
[hb.wpmucdn.com/clear2close.us/8926f9f5-12a0-4627-ad19-f6c8e4c788d9.css]
[clear2close.us/blog/home-buying-101-9-essential-tips-to-help-you-find-your-perfect-place/feed/index.html]
[clear2close.us/wp-json/wp/v2/posts/51514.json]
[clear2close.us/wp-json/oembed/1.0/embedf349.json]
[clear2close.us/wp-json/oembed/1.0/embed00fd]
[clear2close.us/wp-content/et-cache/51514/et-core-unified-tb-51003-tb-50327-deferred-51514.min19f6.css]
[clear2close.us/wp-content/uploads/2023/02/real-estate-broker-agent-consult-to-customer-to-de-2022-10-03-22-10-14-utc-300x154.jpg]
[clear2close.us/blog/home-buying-101-9-essential-tips-to-help-you-find-your-perfect-place/index.html]
[hb.wpmucdn.com/clear2close.us/9b18be67-da9e-485f-8ee5-0e173aeb606f.css]
[clear2close.us/blog/home-appraisal-how-to-sell-your-house-in-2023/feed/index.html]
[clear2close.us/wp-json/wp/v2/posts/51455.json]
[clear2close.us/wp-json/oembed/1.0/embed1bb5.json]
[clear2close.us/wp-json/oembed/1.0/embed331d]
[clear2close.us/wp-content/et-cache/51455/et-core-unified-51455.min7ca4.css]
[clear2close.us/wp-content/et-cache/51455/et-core-unified-tb-51003-tb-50327-deferred-51455.min7ca4.css]
[clear2close.us/blog/home-appraisal-how-to-sell-your-house-in-2023/index.html]
[hb.wpmucdn.com/clear2close.us/1b2977c0-a551-4830-be92-381a1675acd3.css]
[clear2close.us/blog/real-estate-title-and-escrow-services/feed/index.html]
[clear2close.us/wp-json/wp/v2/posts/51368.json]
[clear2close.us/wp-json/oembed/1.0/embed0feb.json]
[clear2close.us/wp-json/oembed/1.0/embedd5f0]
[clear2close.us/wp-content/et-cache/51368/et-core-unified-51368.minfd64.css]
[clear2close.us/wp-content/et-cache/51368/et-core-unified-tb-51003-tb-50327-deferred-51368.minfd64.css]
[clear2close.us/wp-content/uploads/2022/08/home-bg-300x169.jpg]
[clear2close.us/blog/real-estate-title-and-escrow-services/index.html]
[hb.wpmucdn.com/clear2close.us/8279aa92-b953-42db-a803-3536a31fa2da.css]
[clear2close.us/blog/category/escrow-service/feed/index.html]
[clear2close.us/wp-json/wp/v2/categories/28.json]
[clear2close.us/wp-content/uploads/2022/08/home-bg-1080x675.jpg]
[clear2close.us/blog/category/escrow-service/index.html]
[hb.wpmucdn.com/clear2close.us/6ad1980a-2262-49ca-89a6-e5d4e813a924.css]
[clear2close.us/blog/six-critical-things-you-need-to-know-when-buying-a-new-home/feed/index.html]
[clear2close.us/wp-json/wp/v2/posts/51328.json]
[clear2close.us/wp-json/oembed/1.0/embed5bb4.json]
[clear2close.us/wp-json/oembed/1.0/embedeed7]
[clear2close.us/wp-content/et-cache/51328/et-core-unified-51328.min3370.css]
[clear2close.us/wp-content/et-cache/51328/et-core-unified-tb-51003-tb-50327-deferred-51328.min3370.css]
[clear2close.us/wp-content/uploads/2022/08/home-image-300x169.jpg]
[clear2close.us/blog/six-critical-things-you-need-to-know-when-buying-a-new-home/index.html]
[hb.wpmucdn.com/clear2close.us/a6af5c44-f40c-40a6-81b4-82e55ed03fb5.css]
[clear2close.us/blog/learn-how-to-increase-your-home-appraisal-value-on-the-market/feed/index.html]
[clear2close.us/wp-json/wp/v2/posts/51242.json]
[clear2close.us/wp-json/oembed/1.0/embedd2e6.json]
[clear2close.us/wp-json/oembed/1.0/embed0246]
[clear2close.us/wp-content/et-cache/51242/et-core-unified-51242.min14d6.css]
[clear2close.us/wp-content/et-cache/51242/et-core-unified-tb-51003-tb-50327-deferred-51242.min14d6.css]
[clear2close.us/blog/learn-how-to-increase-your-home-appraisal-value-on-the-market/index.html]
[clear2close.us/blog/page/2/indexf83b.html]
[clear2close.us/payment/assets/bootstrap/css/bootstrap.min.css]
[clear2close.us/payment/assets/fonts/Simple-Line-Iconsb26c.eot]
[clear2close.us/payment/assets/fonts/Simple-Line-Iconsb26c.woff2]
[clear2close.us/payment/assets/fonts/Simple-Line-Iconsb26c.ttf]
[clear2close.us/payment/assets/fonts/Simple-Line-Iconsb26c.woff]
[clear2close.us/payment/assets/fonts/simple-line-icons.min.css]
[clear2close.us/payment/assets/css/Contact-Form-Clean.css]
[cdnjs.cloudflare.com/ajax/libs/animate.css/3.5.2/animate.min.css]
[cdnjs.cloudflare.com/ajax/libs/aos/2.1.1/aos.css]
[cdnjs.cloudflare.com/ajax/libs/baguettebox.js/1.10.0/baguetteBox.min.css]
[clear2close.us/payment/assets/css/smoothproducts.css]
[clear2close.us/payment/assets/css/Bold-BS4-Text-Shadow-Effects.css]
[stackpath.bootstrapcdn.com/bootstrap/4.4.1/css/bootstrap.css]
[clear2close.us/payment/assets/fonts/Simple-Line-Iconsb26c.svg]
[clear2close.us/payment/assets/fonts/fontawesome-webfont3e6e.eot]
[clear2close.us/payment/assets/fonts/fontawesome-webfontd41d.eot]
[clear2close.us/payment/assets/fonts/fontawesome-webfont3e6e.woff2]
[clear2close.us/payment/assets/fonts/fontawesome-webfont3e6e.woff]
[clear2close.us/payment/assets/fonts/fontawesome-webfont3e6e.ttf]
[clear2close.us/payment/assets/fonts/font-awesome.min.css]
[clear2close.us/payment/assets/fonts/fontawesome-webfont3e6e.svg]
[clear2close.us/payment/assets/fonts/ionicons28b5.eot]
[clear2close.us/payment/assets/fonts/ionicons28b5.ttf]
[clear2close.us/payment/assets/fonts/ionicons28b5.woff]
[clear2close.us/payment/assets/fonts/ionicons.min.css]
[clear2close.us/payment/assets/css/CLRTAG.css]
[clear2close.us/net-sheet/index.html]
[hb.wpmucdn.com/clear2close.us/adf1febb-80cf-4c43-8795-8e7f97a58ae6.css]
[clear2close.us/index55dc.html]
[clear2close.us/wp-content/et-cache/50750/et-core-unified-50750.min48dc.css]
[clear2close.us/wp-content/et-cache/50750/et-core-unified-tb-50327-deferred-50750.min48dc.css]
[hb.wpmucdn.com/clear2close.us/08294230-9405-4322-9858-67d32b21720e.css]
[clear2close.us/index403f.html]
[clear2close.us/wp-content/et-cache/50730/et-core-unified-50730.min2241.css]
[clear2close.us/wp-content/et-cache/50730/et-core-unified-tb-50327-deferred-50730.min2241.css]
[clear2close.us/payment/assets/fonts/ionicons28b5.svg]
[clear2close.us/wp-content/plugins/gravityforms/images/theme/down-arrow.svg]
[clear2close.us/wp-content/plugins/gravityforms/fonts/gform-icons-orbitale6d6.woff2]
[hb.wpmucdn.com/clear2close.us/5b85e875-cb64-4c3b-8ad7-884b7d8960e2.css]
[clear2close.us/wp-content/plugins/gravityforms/assets/css/dist/gravity-forms-orbital-theme.min.css]
[hb.wpmucdn.com/clear2close.us/87b4d3c2-3a5b-444d-a88e-4f29484e5f99.css]
[clear2close.us/wp-content/plugins/gravityforms/fonts/gform-icons-themef60a.woff2]
[hb.wpmucdn.com/clear2close.us/f3badc3b-575d-4a43-a941-594af99e5422.css]
[clear2close.us/wp-content/plugins/gravityforms/assets/css/dist/theme-components.min.css]
[hb.wpmucdn.com/clear2close.us/1e4439eb-a22e-4292-8bdb-6002051099e5.css]
[clear2close.us/index75da.html]
[clear2close.us/wp-content/et-cache/50774/et-core-unified-50774.minc3a5.css]
[clear2close.us/wp-content/et-cache/50774/et-core-unified-tb-50327-deferred-50774.minc3a5.css]
[clear2close.us/wp-content/plugins/gravityforms/images/spinner.svg]
[hb.wpmucdn.com/clear2close.us/fcacb4f1-845e-4719-9193-c07ba25e3535.css]
[clear2close.us/indexe6ca.html]
[clear2close.us/wp-content/et-cache/50755/et-core-unified-50755.mind814.css]
[clear2close.us/wp-content/et-cache/50755/et-core-unified-tb-50327-deferred-50755.mind814.css]
[clear2close.us/wp-includes/js/mediaelement/mejs-controls.svg]
[hb.wpmucdn.com/clear2close.us/ce0a9f62-bfa1-42fe-88ec-937f9fa91775.css]
[hb.wpmucdn.com/clear2close.us/dcabea3e-22b6-4407-a873-986d09c15a2d.css]
[clear2close.us/index70ac.html]
[clear2close.us/wp-content/et-cache/global/et-divi-customizer-global.mined29.css]
[clear2close.us/wp-content/et-cache/51720/et-core-unified-tb-51003-tb-50327-deferred-51720.min37e4.css]
[clear2close.us/blog/category/appraisal/feed/index.html]
[hb.wpmucdn.com/clear2close.us/84c944ef-e7ed-4e17-a0ae-7bc697e73644.css]
[clear2close.us/wp-json/wp/v2/categories/25.json]
[clear2close.us/wp-content/uploads/2022/09/CLR-7003600-300x257-1.jpg]
[clear2close.us/wp-content/uploads/2022/09/Untitled-design-300x150-1.jpg]
[clear2close.us/blog/how-to-prepare-for-your-property-appraisal/index.html]
[clear2close.us/blog/how-to-get-your-house-appraised/index.html]
[clear2close.us/blog/how-to-avoid-the-most-common-home-buying-mistakes/index.html]
[clear2close.us/wp-content/uploads/2022/08/ClearTitleClient2-1-1080x675.jpg]
[clear2close.us/blog/dont-lose-your-home-with-a-bad-appraisal/index.html]
[clear2close.us/blog/avoid-the-pitfalls-of-escrow-and-title-insurance/index.html]
[clear2close.us/blog/closing-on-your-home-the-ultimate-guide/index.html]
[clear2close.us/blog/category/appraisal/index.html]
[hb.wpmucdn.com/clear2close.us/32b58493-3fb0-4a75-9f21-d6f58be94dbc.css]
[clear2close.us/blog/category/uncategorized/feed/index.html]
[clear2close.us/wp-json/wp/v2/categories/1.json]
[clear2close.us/wp-content/uploads/2022/08/title-and-secrow-vertical-640x675.jpg]
[clear2close.us/blog/category/uncategorized/index.html]
[clear2close.us/blog/how-you-can-improve-your-appraisal/index.html]
[hb.wpmucdn.com/clear2close.us/681cb5b4-4fd5-4076-9830-ef7058635bc6.css]
[clear2close.us/blog/2023/04/index.html]
[clear2close.us/blog/2023/03/index.html]
[clear2close.us/blog/2023/02/index.html]
[clear2close.us/blog/2023/01/index.html]
[clear2close.us/blog/2022/12/index.html]
[clear2close.us/blog/2022/11/index.html]
[clear2close.us/blog/2022/10/index.html]
[clear2close.us/blog/2022/09/index.html]
[clear2close.us/blog/2022/07/index.html]
[clear2close.us/blog/2022/06/index.html]
[clear2close.us/blog/2022/05/index.html]
[clear2close.us/blog/2022/03/index.html]
[clear2close.us/blog/2021/10/index.html]
[hb.wpmucdn.com/clear2close.us/31f097e4-96db-43d6-b8c0-885c154297e5.css]
[clear2close.us/blog/category/home-buying/page/2/index.html]
[clear2close.us/wp-content/et-cache/50327/et-core-unified-cpt-deferred-50327.mined29.css]
[clear2close.us/wp-content/et-cache/author/7/et-divi-dynamic-tb-50327.css]
[clear2close.us/wp-content/plugins/insta-gallery/assets/frontend/magnific-popup/magnific-popup.min.css]
[clear2close.us/wp-content/plugins/supreme-modules-pro-for-divi/public/css/swiper.css]
[clear2close.us/blog/author/contentclick4corp-com/feed/index.html]
[clear2close.us/wp-content/plugins/supreme-modules-pro-for-divi/public/css/popup.css]
[clear2close.us/wp-content/plugins/supreme-modules-pro-for-divi/public/css/animate.css]
[clear2close.us/wp-content/plugins/supreme-modules-pro-for-divi/public/css/readmore.css]
[clear2close.us/wp-content/themes/click4corp-child-theme/style.css]
[clear2close.us/wp-json/wp/v2/users/7.json]
[clear2close.us/blog/author/contentclick4corp-com/index.html]
[clear2close.us/blog/author/contentclick4corp-com/page/2/index.html]
[hb.wpmucdn.com/clear2close.us/5d6f492d-7774-4ca2-8ef6-3209833685da.css]
[clear2close.us/blog/author/c4cadmin/feed/index.html]
[clear2close.us/wp-json/wp/v2/users/1.json]
[clear2close.us/blog/author/c4cadmin/index.html]
[hb.wpmucdn.com/clear2close.us/0b5b2f44-4d6b-453e-9483-9b8cc54e6bcd.css]
[clear2close.us/index5ec0.html]
[clear2close.us/wp-content/et-cache/51692/et-core-unified-tb-51003-tb-50327-deferred-51692.min8538.css]
[clear2close.us/wp-content/et-cache/51629/et-divi-dynamic-tb-51003-tb-50327-51629.css]
[clear2close.us/index3111.html]
[clear2close.us/wp-content/et-cache/51629/et-core-unified-tb-51003-tb-50327-deferred-51629.min9ec9.css]
[clear2close.us/wp-content/et-cache/51523/et-divi-dynamic-tb-51003-tb-50327-51523.css]
[clear2close.us/index2402.html]
[clear2close.us/wp-content/et-cache/51523/et-core-unified-tb-51003-tb-50327-deferred-51523.minba51.css]
[hb.wpmucdn.com/clear2close.us/a3e6fc73-ef83-4e19-8dfd-4d9bbc15f5ee.css]
[clear2close.us/index5881.html]
[clear2close.us/wp-content/et-cache/51520/et-core-unified-tb-51003-tb-50327-deferred-51520.min4e82.css]
[hb.wpmucdn.com/clear2close.us/3ebc0b86-1958-4eb6-bbe9-85d3d362e915.css]
[hb.wpmucdn.com/clear2close.us/8926f9f5-12a0-4627-ad19-f6c8e4c788d9.css]
[clear2close.us/indexb073.html]
[clear2close.us/wp-content/et-cache/51514/et-core-unified-tb-51003-tb-50327-deferred-51514.min19f6.css]
[clear2close.us/blog/author/c4cadmin/page/2/index.html]
[hb.wpmucdn.com/clear2close.us/9b18be67-da9e-485f-8ee5-0e173aeb606f.css]
[clear2close.us/index1688.html]
[clear2close.us/wp-content/et-cache/51455/et-core-unified-51455.min7ca4.css]
[clear2close.us/wp-content/et-cache/51455/et-core-unified-tb-51003-tb-50327-deferred-51455.min7ca4.css]
[hb.wpmucdn.com/clear2close.us/1b2977c0-a551-4830-be92-381a1675acd3.css]
[clear2close.us/index9283.html]
[clear2close.us/wp-content/et-cache/51368/et-core-unified-51368.minfd64.css]
[clear2close.us/wp-content/et-cache/51368/et-core-unified-tb-51003-tb-50327-deferred-51368.minfd64.css]
[hb.wpmucdn.com/clear2close.us/8279aa92-b953-42db-a803-3536a31fa2da.css]
[hb.wpmucdn.com/clear2close.us/6ad1980a-2262-49ca-89a6-e5d4e813a924.css]
[clear2close.us/index65a9.html]
[clear2close.us/wp-content/et-cache/51328/et-core-unified-51328.min3370.css]
[clear2close.us/wp-content/et-cache/51328/et-core-unified-tb-51003-tb-50327-deferred-51328.min3370.css]
[hb.wpmucdn.com/clear2close.us/a6af5c44-f40c-40a6-81b4-82e55ed03fb5.css]
[clear2close.us/index9868.html]
[clear2close.us/wp-content/et-cache/51242/et-core-unified-51242.min14d6.css]
[clear2close.us/wp-content/et-cache/51242/et-core-unified-tb-51003-tb-50327-deferred-51242.min14d6.css]
[clear2close.us/payment/assets/assets/img/header-standard/image1.html]
[clear2close.us/payment/assets/fonts/Simple-Line-Iconsb26c.svg]
[clear2close.us/payment/assets/fonts/fontawesome-webfont3e6e.svg]
[clear2close.us/payment/assets/fonts/ionicons28b5.svg]
[clear2close.us/wp-content/plugins/gravityforms/images/theme/down-arrow.svg]
[hb.wpmucdn.com/clear2close.us/84c944ef-e7ed-4e17-a0ae-7bc697e73644.css]
[hb.wpmucdn.com/clear2close.us/e0f8bff6-4b3d-4d07-b097-3f92271cf910.css]
[clear2close.us/blog/how-to-prepare-for-your-property-appraisal/feed/index.html]
[clear2close.us/wp-json/wp/v2/posts/51012.json]
[clear2close.us/wp-json/oembed/1.0/embed2867.json]
[clear2close.us/wp-json/oembed/1.0/embede687]
[clear2close.us/wp-content/et-cache/51012/et-core-unified-tb-51003-tb-50327-deferred-51012.min12b5.css]
[clear2close.us/blog/how-to-prepare-for-your-property-appraisal/index.html]
[clear2close.us/blog/how-to-get-your-house-appraised/feed/index.html]
[hb.wpmucdn.com/clear2close.us/73757a53-dccc-429e-a4cb-6f2dede3c5d9.css]
[clear2close.us/wp-json/wp/v2/posts/51021.json]
[clear2close.us/wp-json/oembed/1.0/embedef98.json]
[clear2close.us/wp-json/oembed/1.0/embed0fb1]
[clear2close.us/wp-content/et-cache/51021/et-core-unified-tb-51003-tb-50327-deferred-51021.min1994.css]
[clear2close.us/blog/how-to-get-your-house-appraised/index.html]
[hb.wpmucdn.com/clear2close.us/7f2c3896-dbc9-467b-85bd-38154855a03a.css]
[clear2close.us/blog/how-to-avoid-the-most-common-home-buying-mistakes/feed/index.html]
[clear2close.us/wp-json/wp/v2/posts/51023.json]
[clear2close.us/wp-json/oembed/1.0/embed3ad1.json]
[clear2close.us/wp-json/oembed/1.0/embedc244]
[clear2close.us/wp-content/et-cache/51023/et-core-unified-tb-51003-tb-50327-deferred-51023.min87de.css]
[clear2close.us/blog/how-to-avoid-the-most-common-home-buying-mistakes/index.html]
[clear2close.us/blog/dont-lose-your-home-with-a-bad-appraisal/feed/index.html]
[clear2close.us/wp-json/wp/v2/posts/51025.json]
[hb.wpmucdn.com/clear2close.us/2b02f269-7cf4-4319-8d7e-ea155bce223f.css]
[clear2close.us/wp-json/oembed/1.0/embed593f.json]
[clear2close.us/wp-json/oembed/1.0/embedf242-2]
[clear2close.us/wp-content/et-cache/51025/et-core-unified-tb-51003-tb-50327-deferred-51025.minfd5a.css]
[clear2close.us/blog/dont-lose-your-home-with-a-bad-appraisal/index.html]
[hb.wpmucdn.com/clear2close.us/5d563d1e-eee1-4939-932a-5f3e2aca79e3.css]
[clear2close.us/blog/closing-on-your-home-the-ultimate-guide/feed/index.html]
[clear2close.us/wp-json/wp/v2/posts/51028.json]
[clear2close.us/wp-json/oembed/1.0/embedf152.json]
[clear2close.us/wp-json/oembed/1.0/embed465c]
[clear2close.us/wp-content/et-cache/51028/et-core-unified-tb-51003-tb-50327-deferred-51028.mindfba.css]
[clear2close.us/blog/closing-on-your-home-the-ultimate-guide/index.html]
[clear2close.us/wp-content/et-cache/51029/et-divi-dynamic-tb-51003-tb-50327-51029.css]
[clear2close.us/blog/avoid-the-pitfalls-of-escrow-and-title-insurance/feed/index.html]
[clear2close.us/wp-json/wp/v2/posts/51029.json]
[clear2close.us/wp-json/oembed/1.0/embed52fe.json]
[clear2close.us/wp-json/oembed/1.0/embede88f]
[clear2close.us/wp-content/et-cache/51029/et-core-unified-51029.mindf23.css]
[clear2close.us/wp-content/et-cache/51029/et-core-unified-tb-51003-tb-50327-deferred-51029.mindf23.css]
[clear2close.us/wp-content/uploads/2022/08/ClearClient.jpg]
[clear2close.us/blog/avoid-the-pitfalls-of-escrow-and-title-insurance/index.html]
[hb.wpmucdn.com/clear2close.us/32b58493-3fb0-4a75-9f21-d6f58be94dbc.css]
[hb.wpmucdn.com/clear2close.us/30272ad4-e631-4857-aa5d-e2af3638f882.css]
[clear2close.us/blog/how-you-can-improve-your-appraisal/feed/index.html]
[clear2close.us/wp-json/wp/v2/posts/51127.json]
[clear2close.us/wp-json/oembed/1.0/embed2845.json]
[clear2close.us/wp-json/oembed/1.0/embed5dce]
[clear2close.us/wp-content/et-cache/51127/et-core-unified-tb-51003-tb-50327-deferred-51127.min8dd4.css]
[clear2close.us/blog/how-you-can-improve-your-appraisal/index.html]
[hb.wpmucdn.com/clear2close.us/681cb5b4-4fd5-4076-9830-ef7058635bc6.css]
[clear2close.us/wp-content/et-cache/author/7/et-divi-dynamic-tb-50327.css]
[clear2close.us/wp-content/plugins/insta-gallery/assets/frontend/magnific-popup/magnific-popup.min.css]
[clear2close.us/wp-content/plugins/supreme-modules-pro-for-divi/public/css/swiper.css]
[clear2close.us/wp-content/plugins/supreme-modules-pro-for-divi/public/css/popup.css]
[clear2close.us/wp-content/plugins/supreme-modules-pro-for-divi/public/css/animate.css]
[clear2close.us/wp-content/plugins/supreme-modules-pro-for-divi/public/css/readmore.css]
[clear2close.us/wp-content/themes/click4corp-child-theme/style.css]
[clear2close.us/blog/author/contentclick4corp-com/page/2/index.html]
[hb.wpmucdn.com/clear2close.us/5d6f492d-7774-4ca2-8ef6-3209833685da.css]
[clear2close.us/blog/author/c4cadmin/page/2/index.html]
[hb.wpmucdn.com/clear2close.us/e0f8bff6-4b3d-4d07-b097-3f92271cf910.css]
[clear2close.us/indexadb2.html]
[clear2close.us/wp-content/et-cache/51012/et-core-unified-tb-51003-tb-50327-deferred-51012.min12b5.css]
[hb.wpmucdn.com/clear2close.us/73757a53-dccc-429e-a4cb-6f2dede3c5d9.css]
[clear2close.us/indexa7f4.html]
[clear2close.us/wp-content/et-cache/51021/et-core-unified-tb-51003-tb-50327-deferred-51021.min1994.css]
[hb.wpmucdn.com/clear2close.us/7f2c3896-dbc9-467b-85bd-38154855a03a.css]
[clear2close.us/index8826.html]
[clear2close.us/wp-content/et-cache/51023/et-core-unified-tb-51003-tb-50327-deferred-51023.min87de.css]
[hb.wpmucdn.com/clear2close.us/2b02f269-7cf4-4319-8d7e-ea155bce223f.css]
[clear2close.us/index1010.html]
[clear2close.us/wp-content/et-cache/51025/et-core-unified-tb-51003-tb-50327-deferred-51025.minfd5a.css]
[hb.wpmucdn.com/clear2close.us/5d563d1e-eee1-4939-932a-5f3e2aca79e3.css]
[clear2close.us/index5eec.html]
[clear2close.us/wp-content/et-cache/51028/et-core-unified-tb-51003-tb-50327-deferred-51028.mindfba.css]
[clear2close.us/wp-content/et-cache/51029/et-divi-dynamic-tb-51003-tb-50327-51029.css]
[clear2close.us/index7f6a.html]
[clear2close.us/wp-content/et-cache/51029/et-core-unified-51029.mindf23.css]
[clear2close.us/wp-content/et-cache/51029/et-core-unified-tb-51003-tb-50327-deferred-51029.mindf23.css]
[hb.wpmucdn.com/clear2close.us/30272ad4-e631-4857-aa5d-e2af3638f882.css]
[clear2close.us/indexf846.html]
[clear2close.us/wp-content/et-cache/51127/et-core-unified-tb-51003-tb-50327-deferred-51127.min8dd4.css]
[clear2close.us/blog/author/c4cadmin/page/3/index.html]
[clear2close.us/blog/author/c4cadmin/page/3/index.html]
